// Jest Snapshot v1, https://goo.gl/fbAQLP

exports[`Component Navigation matches snapshot renders page layout correctly 1`] = `
<HomeSection
  classNames="text-left-widget js-hook__text-left-widget"
  contentClass="text-left-widget__content"
>
  <img
    alt=""
    className="js-hook__text-left-widget-image text-left-widget__image"
    src="some-test-url"
  />
  <div
    className="js-hook__text-left-widget-description text-left-widget__description"
  >
    Test text
  </div>
</HomeSection>
`;
